2025-11-16 14:19:32.967 +04:00 [INF] База данных инициализирована
2025-11-16 14:19:33.033 +04:00 [INF] OrangeHRM API запущен
2025-11-16 14:19:33.066 +04:00 [ERR] Hosting failed to start
System.IO.IOException: Failed to bind to address http://127.0.0.1:5167: address already in use.
 ---> Microsoft.AspNetCore.Connections.AddressInUseException: Обычно разрешается только одно использование адреса сокета (протокол/сетевой адрес/порт).
 ---> System.Net.Sockets.SocketException (10048): Обычно разрешается только одно использование адреса сокета (протокол/сетевой адрес/порт).
   at System.Net.Sockets.Socket.UpdateStatusAfterSocketErrorAndThrowException(SocketError error, Boolean disconnectOnFailure, String callerName)
   at System.Net.Sockets.Socket.DoBind(EndPoint endPointSnapshot, SocketAddress socketAddress)
   at System.Net.Sockets.Socket.Bind(EndPoint localEP)
   at Microsoft.AspNetCore.Server.Kestrel.Transport.Sockets.SocketTransportOptions.CreateDefaultBoundListenSocket(EndPoint endpoint)
   at Microsoft.AspNetCore.Server.Kestrel.Transport.Sockets.SocketConnectionListener.Bind()
   --- End of inner exception stack trace ---
   at Microsoft.AspNetCore.Server.Kestrel.Transport.Sockets.SocketConnectionListener.Bind()
   at Microsoft.AspNetCore.Server.Kestrel.Transport.Sockets.SocketTransportFactory.BindAsync(EndPoint endpoint, CancellationToken cancellationToken)
   at Microsoft.AspNetCore.Server.Kestrel.Core.Internal.Infrastructure.TransportManager.BindAsync(EndPoint endPoint, ConnectionDelegate connectionDelegate, EndpointConfig endpointConfig, CancellationToken cancellationToken)
   at Microsoft.AspNetCore.Server.Kestrel.Core.KestrelServerImpl.<>c__DisplayClass28_0`1.<<StartAsync>g__OnBind|0>d.MoveNext()
--- End of stack trace from previous location ---
   at Microsoft.AspNetCore.Server.Kestrel.Core.Internal.AddressBinder.BindEndpointAsync(ListenOptions endpoint, AddressBindContext context, CancellationToken cancellationToken)
   --- End of inner exception stack trace ---
   at Microsoft.AspNetCore.Server.Kestrel.Core.Internal.AddressBinder.BindEndpointAsync(ListenOptions endpoint, AddressBindContext context, CancellationToken cancellationToken)
   at Microsoft.AspNetCore.Server.Kestrel.Core.LocalhostListenOptions.BindAsync(AddressBindContext context, CancellationToken cancellationToken)
   at Microsoft.AspNetCore.Server.Kestrel.Core.Internal.AddressBinder.AddressesStrategy.BindAsync(AddressBindContext context, CancellationToken cancellationToken)
   at Microsoft.AspNetCore.Server.Kestrel.Core.Internal.AddressBinder.BindAsync(ListenOptions[] listenOptions, AddressBindContext context, Func`2 useHttps, CancellationToken cancellationToken)
   at Microsoft.AspNetCore.Server.Kestrel.Core.KestrelServerImpl.BindAsync(CancellationToken cancellationToken)
   at Microsoft.AspNetCore.Server.Kestrel.Core.KestrelServerImpl.StartAsync[TContext](IHttpApplication`1 application, CancellationToken cancellationToken)
   at Microsoft.AspNetCore.Hosting.GenericWebHostService.StartAsync(CancellationToken cancellationToken)
   at Microsoft.Extensions.Hosting.Internal.Host.<StartAsync>b__15_1(IHostedService service, CancellationToken token)
   at Microsoft.Extensions.Hosting.Internal.Host.ForeachService[T](IEnumerable`1 services, CancellationToken token, Boolean concurrent, Boolean abortOnFirstException, List`1 exceptions, Func`3 operation)
2025-11-16 14:19:33.076 +04:00 [FTL] Приложение завершилось с ошибкой
System.IO.IOException: Failed to bind to address http://127.0.0.1:5167: address already in use.
 ---> Microsoft.AspNetCore.Connections.AddressInUseException: Обычно разрешается только одно использование адреса сокета (протокол/сетевой адрес/порт).
 ---> System.Net.Sockets.SocketException (10048): Обычно разрешается только одно использование адреса сокета (протокол/сетевой адрес/порт).
   at System.Net.Sockets.Socket.UpdateStatusAfterSocketErrorAndThrowException(SocketError error, Boolean disconnectOnFailure, String callerName)
   at System.Net.Sockets.Socket.DoBind(EndPoint endPointSnapshot, SocketAddress socketAddress)
   at System.Net.Sockets.Socket.Bind(EndPoint localEP)
   at Microsoft.AspNetCore.Server.Kestrel.Transport.Sockets.SocketTransportOptions.CreateDefaultBoundListenSocket(EndPoint endpoint)
   at Microsoft.AspNetCore.Server.Kestrel.Transport.Sockets.SocketConnectionListener.Bind()
   --- End of inner exception stack trace ---
   at Microsoft.AspNetCore.Server.Kestrel.Transport.Sockets.SocketConnectionListener.Bind()
   at Microsoft.AspNetCore.Server.Kestrel.Transport.Sockets.SocketTransportFactory.BindAsync(EndPoint endpoint, CancellationToken cancellationToken)
   at Microsoft.AspNetCore.Server.Kestrel.Core.Internal.Infrastructure.TransportManager.BindAsync(EndPoint endPoint, ConnectionDelegate connectionDelegate, EndpointConfig endpointConfig, CancellationToken cancellationToken)
   at Microsoft.AspNetCore.Server.Kestrel.Core.KestrelServerImpl.<>c__DisplayClass28_0`1.<<StartAsync>g__OnBind|0>d.MoveNext()
--- End of stack trace from previous location ---
   at Microsoft.AspNetCore.Server.Kestrel.Core.Internal.AddressBinder.BindEndpointAsync(ListenOptions endpoint, AddressBindContext context, CancellationToken cancellationToken)
   --- End of inner exception stack trace ---
   at Microsoft.AspNetCore.Server.Kestrel.Core.Internal.AddressBinder.BindEndpointAsync(ListenOptions endpoint, AddressBindContext context, CancellationToken cancellationToken)
   at Microsoft.AspNetCore.Server.Kestrel.Core.LocalhostListenOptions.BindAsync(AddressBindContext context, CancellationToken cancellationToken)
   at Microsoft.AspNetCore.Server.Kestrel.Core.Internal.AddressBinder.AddressesStrategy.BindAsync(AddressBindContext context, CancellationToken cancellationToken)
   at Microsoft.AspNetCore.Server.Kestrel.Core.Internal.AddressBinder.BindAsync(ListenOptions[] listenOptions, AddressBindContext context, Func`2 useHttps, CancellationToken cancellationToken)
   at Microsoft.AspNetCore.Server.Kestrel.Core.KestrelServerImpl.BindAsync(CancellationToken cancellationToken)
   at Microsoft.AspNetCore.Server.Kestrel.Core.KestrelServerImpl.StartAsync[TContext](IHttpApplication`1 application, CancellationToken cancellationToken)
   at Microsoft.AspNetCore.Hosting.GenericWebHostService.StartAsync(CancellationToken cancellationToken)
   at Microsoft.Extensions.Hosting.Internal.Host.<StartAsync>b__15_1(IHostedService service, CancellationToken token)
   at Microsoft.Extensions.Hosting.Internal.Host.ForeachService[T](IEnumerable`1 services, CancellationToken token, Boolean concurrent, Boolean abortOnFirstException, List`1 exceptions, Func`3 operation)
   at Microsoft.Extensions.Hosting.Internal.Host.StartAsync(CancellationToken cancellationToken)
   at Microsoft.Extensions.Hosting.HostingAbstractionsHostExtensions.RunAsync(IHost host, CancellationToken token)
   at Microsoft.Extensions.Hosting.HostingAbstractionsHostExtensions.RunAsync(IHost host, CancellationToken token)
   at Microsoft.Extensions.Hosting.HostingAbstractionsHostExtensions.Run(IHost host)
   at Program.<Main>$(String[] args) in L:\TestWork\OrangeHRM.API\Program.cs:line 87
2025-11-16 14:20:12.459 +04:00 [INF] База данных инициализирована
2025-11-16 14:20:12.519 +04:00 [INF] OrangeHRM API запущен
2025-11-16 14:21:02.032 +04:00 [WRN] Failed to determine the https port for redirect.
2025-11-16 14:21:02.109 +04:00 [INF] Получен запрос на добавление сотрудника: Иван Сидоров
2025-11-16 14:21:02.520 +04:00 [INF] Начало добавления сотрудника: Иван Петрович Сидоров
2025-11-16 14:21:02.522 +04:00 [INF] Создание ChromeDriver. Headless: false
2025-11-16 14:21:05.506 +04:00 [INF] ChromeDriver успешно создан
2025-11-16 14:21:05.508 +04:00 [INF] Начало авторизации на https://opensource-demo.orangehrmlive.com
2025-11-16 14:21:20.518 +04:00 [INF] Авторизация успешно выполнена
2025-11-16 14:21:35.301 +04:00 [ERR] Ошибка при добавлении сотрудника
OpenQA.Selenium.InvalidSelectorException: invalid selector: Unable to locate an element with the xpath expression By.XPath: //label[text()='Employee Id']/ancestor::div[contains(@class,'oxd-input-group')]//input/..//span[contains(@class, 'error')] because of the following error:
SyntaxError: Failed to execute 'evaluate' on 'Document': The string 'By.XPath: //label[text()='Employee Id']/ancestor::div[contains(@class,'oxd-input-group')]//input/..//span[contains(@class, 'error')]' is not a valid XPath expression.
  (Session info: chrome=140.0.7339.82); For documentation on this error, please visit: https://www.selenium.dev/documentation/webdriver/troubleshooting/errors#invalidselectorexception
   at OpenQA.Selenium.WebDriver.UnpackAndThrowOnError(Response errorResponse, String commandToExecute)
   at OpenQA.Selenium.WebDriver.ExecuteAsync(String driverCommandToExecute, Dictionary`2 parameters)
   at OpenQA.Selenium.WebDriver.Execute(String driverCommandToExecute, Dictionary`2 parameters)
   at OpenQA.Selenium.WebDriver.FindElement(String mechanism, String value)
   at OpenQA.Selenium.By.<.ctor>b__6_0(ISearchContext context)
   at OpenQA.Selenium.By.FindElement(ISearchContext context)
   at OpenQA.Selenium.WebDriver.FindElement(By by)
   at OrangeHRM.API.Helpers.WebAutomationHelper.HasFieldError(IWebDriver driver, By fieldLocator) in L:\TestWork\OrangeHRM.API\Helpers\WebAutomationHelper.cs:line 160
   at OrangeHRM.API.Services.EmployeeService.<>c__DisplayClass7_0.<GenerateUniqueEmployeeId>b__0(String id) in L:\TestWork\OrangeHRM.API\Services\EmployeeService.cs:line 151
   at OrangeHRM.API.Helpers.EmployeeIdGenerator.GenerateUnique(Func`2 isUnique, Int32 maxAttempts) in L:\TestWork\OrangeHRM.API\Helpers\EmployeeIdGenerator.cs:line 40
   at OrangeHRM.API.Services.EmployeeService.GenerateUniqueEmployeeId(IWebDriver driver) in L:\TestWork\OrangeHRM.API\Services\EmployeeService.cs:line 140
   at OrangeHRM.API.Services.EmployeeService.AddEmployeeAsync(EmployeeRequest request) in L:\TestWork\OrangeHRM.API\Services\EmployeeService.cs:line 56
2025-11-16 14:21:35.382 +04:00 [WRN] Не удалось добавить сотрудника. Ошибка: Ошибка при добавлении сотрудника: invalid selector: Unable to locate an element with the xpath expression By.XPath: //label[text()='Employee Id']/ancestor::div[contains(@class,'oxd-input-group')]//input/..//span[contains(@class, 'error')] because of the following error:
SyntaxError: Failed to execute 'evaluate' on 'Document': The string 'By.XPath: //label[text()='Employee Id']/ancestor::div[contains(@class,'oxd-input-group')]//input/..//span[contains(@class, 'error')]' is not a valid XPath expression.
  (Session info: chrome=140.0.7339.82); For documentation on this error, please visit: https://www.selenium.dev/documentation/webdriver/troubleshooting/errors#invalidselectorexception
2025-11-16 14:21:35.396 +04:00 [INF] HTTP POST /api/orangehrm/employee responded 200 in 33366.4256 ms
2025-11-16 14:22:28.905 +04:00 [INF] База данных инициализирована
2025-11-16 14:22:28.965 +04:00 [INF] OrangeHRM API запущен
2025-11-16 14:22:45.714 +04:00 [WRN] Failed to determine the https port for redirect.
2025-11-16 14:22:45.777 +04:00 [INF] Получен запрос на добавление сотрудника: Иван Сидоров
2025-11-16 14:22:45.782 +04:00 [INF] Начало добавления сотрудника: Иван Петрович Сидоров
2025-11-16 14:22:45.782 +04:00 [INF] Создание ChromeDriver. Headless: false
2025-11-16 14:22:46.451 +04:00 [INF] ChromeDriver успешно создан
2025-11-16 14:22:46.452 +04:00 [INF] Начало авторизации на https://opensource-demo.orangehrmlive.com
2025-11-16 14:22:57.796 +04:00 [INF] Авторизация успешно выполнена
2025-11-16 14:23:29.053 +04:00 [ERR] Ошибка при добавлении сотрудника
OpenQA.Selenium.WebDriverTimeoutException: Timed out after 10 seconds
 ---> OpenQA.Selenium.NoSuchElementException: no such element: Unable to locate element: {"method":"xpath","selector":"//a[text()='Job']"}
  (Session info: chrome=140.0.7339.82); For documentation on this error, please visit: https://www.selenium.dev/documentation/webdriver/troubleshooting/errors#nosuchelementexception
   at OpenQA.Selenium.WebDriver.UnpackAndThrowOnError(Response errorResponse, String commandToExecute)
   at OpenQA.Selenium.WebDriver.ExecuteAsync(String driverCommandToExecute, Dictionary`2 parameters)
   at OpenQA.Selenium.WebDriver.Execute(String driverCommandToExecute, Dictionary`2 parameters)
   at OpenQA.Selenium.WebDriver.FindElement(String mechanism, String value)
   at OpenQA.Selenium.By.<.ctor>b__6_0(ISearchContext context)
   at OpenQA.Selenium.By.FindElement(ISearchContext context)
   at OpenQA.Selenium.WebDriver.FindElement(By by)
   at OrangeHRM.API.Helpers.WebAutomationHelper.<>c__DisplayClass1_0.<WaitAndClick>b__0(IWebDriver d) in L:\TestWork\OrangeHRM.API\Helpers\WebAutomationHelper.cs:line 34
   at OpenQA.Selenium.Support.UI.DefaultWait`1.Until[TResult](Func`2 condition, CancellationToken token)
   --- End of inner exception stack trace ---
   at OpenQA.Selenium.Support.UI.DefaultWait`1.ThrowTimeoutException(String exceptionMessage, Exception lastException)
   at OpenQA.Selenium.Support.UI.DefaultWait`1.Until[TResult](Func`2 condition, CancellationToken token)
   at OpenQA.Selenium.Support.UI.DefaultWait`1.Until[TResult](Func`2 condition)
   at OrangeHRM.API.Helpers.WebAutomationHelper.WaitAndClick(IWebDriver driver, By locator, Int32 timeoutSeconds) in L:\TestWork\OrangeHRM.API\Helpers\WebAutomationHelper.cs:line 30
   at OrangeHRM.API.Services.EmployeeService.NavigateToJobTab(IWebDriver driver) in L:\TestWork\OrangeHRM.API\Services\EmployeeService.cs:line 205
   at OrangeHRM.API.Services.EmployeeService.AddEmployeeAsync(EmployeeRequest request) in L:\TestWork\OrangeHRM.API\Services\EmployeeService.cs:line 72
2025-11-16 14:23:29.136 +04:00 [WRN] Не удалось добавить сотрудника. Ошибка: Ошибка при добавлении сотрудника: Timed out after 10 seconds
2025-11-16 14:23:29.149 +04:00 [INF] HTTP POST /api/orangehrm/employee responded 200 in 43437.2673 ms
2025-11-16 14:24:21.287 +04:00 [INF] База данных инициализирована
2025-11-16 14:24:21.347 +04:00 [INF] OrangeHRM API запущен
2025-11-16 14:24:38.978 +04:00 [WRN] Failed to determine the https port for redirect.
2025-11-16 14:24:39.041 +04:00 [INF] Получен запрос на добавление сотрудника: Иван Сидоров
2025-11-16 14:24:39.045 +04:00 [INF] Начало добавления сотрудника: Иван Петрович Сидоров
2025-11-16 14:24:39.046 +04:00 [INF] Создание ChromeDriver. Headless: false
2025-11-16 14:24:39.705 +04:00 [INF] ChromeDriver успешно создан
2025-11-16 14:24:39.706 +04:00 [INF] Начало авторизации на https://opensource-demo.orangehrmlive.com
2025-11-16 14:24:58.504 +04:00 [INF] Авторизация успешно выполнена
2025-11-16 14:26:03.646 +04:00 [ERR] Ошибка при добавлении сотрудника
OpenQA.Selenium.WebDriverTimeoutException: Timed out after 15 seconds
 ---> OpenQA.Selenium.NoSuchElementException: no such element: Unable to locate element: {"method":"xpath","selector":"//*[@role='tab' and contains(text(),'Job')]"}
  (Session info: chrome=140.0.7339.82); For documentation on this error, please visit: https://www.selenium.dev/documentation/webdriver/troubleshooting/errors#nosuchelementexception
   at OpenQA.Selenium.WebDriver.UnpackAndThrowOnError(Response errorResponse, String commandToExecute)
   at OpenQA.Selenium.WebDriver.ExecuteAsync(String driverCommandToExecute, Dictionary`2 parameters)
   at OpenQA.Selenium.WebDriver.Execute(String driverCommandToExecute, Dictionary`2 parameters)
   at OpenQA.Selenium.WebDriver.FindElement(String mechanism, String value)
   at OpenQA.Selenium.By.<.ctor>b__6_0(ISearchContext context)
   at OpenQA.Selenium.By.FindElement(ISearchContext context)
   at OpenQA.Selenium.WebDriver.FindElement(By by)
   at OrangeHRM.API.Helpers.WebAutomationHelper.<>c__DisplayClass1_0.<WaitAndClick>b__0(IWebDriver d) in L:\TestWork\OrangeHRM.API\Helpers\WebAutomationHelper.cs:line 34
   at OpenQA.Selenium.Support.UI.DefaultWait`1.Until[TResult](Func`2 condition, CancellationToken token)
   --- End of inner exception stack trace ---
   at OpenQA.Selenium.Support.UI.DefaultWait`1.ThrowTimeoutException(String exceptionMessage, Exception lastException)
   at OpenQA.Selenium.Support.UI.DefaultWait`1.Until[TResult](Func`2 condition, CancellationToken token)
   at OpenQA.Selenium.Support.UI.DefaultWait`1.Until[TResult](Func`2 condition)
   at OrangeHRM.API.Helpers.WebAutomationHelper.WaitAndClick(IWebDriver driver, By locator, Int32 timeoutSeconds) in L:\TestWork\OrangeHRM.API\Helpers\WebAutomationHelper.cs:line 30
   at OrangeHRM.API.Services.EmployeeService.NavigateToJobTab(IWebDriver driver) in L:\TestWork\OrangeHRM.API\Services\EmployeeService.cs:line 215
   at OrangeHRM.API.Services.EmployeeService.AddEmployeeAsync(EmployeeRequest request) in L:\TestWork\OrangeHRM.API\Services\EmployeeService.cs:line 72
2025-11-16 14:26:03.732 +04:00 [WRN] Не удалось добавить сотрудника. Ошибка: Ошибка при добавлении сотрудника: Timed out after 15 seconds
2025-11-16 14:26:03.744 +04:00 [INF] HTTP POST /api/orangehrm/employee responded 200 in 84768.9492 ms
2025-11-16 14:26:49.659 +04:00 [INF] База данных инициализирована
2025-11-16 14:26:49.720 +04:00 [INF] OrangeHRM API запущен
2025-11-16 14:27:08.818 +04:00 [WRN] Failed to determine the https port for redirect.
2025-11-16 14:27:08.882 +04:00 [INF] Получен запрос на добавление сотрудника: Иван Сидоров
2025-11-16 14:27:08.886 +04:00 [INF] Начало добавления сотрудника: Иван Петрович Сидоров
2025-11-16 14:27:08.887 +04:00 [INF] Создание ChromeDriver. Headless: false
2025-11-16 14:27:09.539 +04:00 [INF] ChromeDriver успешно создан
2025-11-16 14:27:09.540 +04:00 [INF] Начало авторизации на https://opensource-demo.orangehrmlive.com
2025-11-16 14:27:27.188 +04:00 [INF] Авторизация успешно выполнена
2025-11-16 14:27:47.480 +04:00 [INF] Текущий URL: https://opensource-demo.orangehrmlive.com/web/index.php/pim/addEmployee
2025-11-16 14:27:47.487 +04:00 [INF] Найдено 18 ссылок на странице
2025-11-16 14:28:28.769 +04:00 [ERR] Ошибка при добавлении сотрудника
OpenQA.Selenium.WebDriverTimeoutException: Timed out after 15 seconds
 ---> OpenQA.Selenium.NoSuchElementException: no such element: Unable to locate element: {"method":"xpath","selector":"//*[@role='tab' and contains(text(),'Job')]"}
  (Session info: chrome=140.0.7339.82); For documentation on this error, please visit: https://www.selenium.dev/documentation/webdriver/troubleshooting/errors#nosuchelementexception
   at OpenQA.Selenium.WebDriver.UnpackAndThrowOnError(Response errorResponse, String commandToExecute)
   at OpenQA.Selenium.WebDriver.ExecuteAsync(String driverCommandToExecute, Dictionary`2 parameters)
   at OpenQA.Selenium.WebDriver.Execute(String driverCommandToExecute, Dictionary`2 parameters)
   at OpenQA.Selenium.WebDriver.FindElement(String mechanism, String value)
   at OpenQA.Selenium.By.<.ctor>b__6_0(ISearchContext context)
   at OpenQA.Selenium.By.FindElement(ISearchContext context)
   at OpenQA.Selenium.WebDriver.FindElement(By by)
   at OrangeHRM.API.Helpers.WebAutomationHelper.<>c__DisplayClass1_0.<WaitAndClick>b__0(IWebDriver d) in L:\TestWork\OrangeHRM.API\Helpers\WebAutomationHelper.cs:line 34
   at OpenQA.Selenium.Support.UI.DefaultWait`1.Until[TResult](Func`2 condition, CancellationToken token)
   --- End of inner exception stack trace ---
   at OpenQA.Selenium.Support.UI.DefaultWait`1.ThrowTimeoutException(String exceptionMessage, Exception lastException)
   at OpenQA.Selenium.Support.UI.DefaultWait`1.Until[TResult](Func`2 condition, CancellationToken token)
   at OpenQA.Selenium.Support.UI.DefaultWait`1.Until[TResult](Func`2 condition)
   at OrangeHRM.API.Helpers.WebAutomationHelper.WaitAndClick(IWebDriver driver, By locator, Int32 timeoutSeconds) in L:\TestWork\OrangeHRM.API\Helpers\WebAutomationHelper.cs:line 30
   at OrangeHRM.API.Services.EmployeeService.NavigateToJobTab(IWebDriver driver) in L:\TestWork\OrangeHRM.API\Services\EmployeeService.cs:line 238
   at OrangeHRM.API.Services.EmployeeService.AddEmployeeAsync(EmployeeRequest request) in L:\TestWork\OrangeHRM.API\Services\EmployeeService.cs:line 72
2025-11-16 14:28:28.855 +04:00 [WRN] Не удалось добавить сотрудника. Ошибка: Ошибка при добавлении сотрудника: Timed out after 15 seconds
2025-11-16 14:28:28.868 +04:00 [INF] HTTP POST /api/orangehrm/employee responded 200 in 80052.7586 ms
2025-11-16 14:29:35.195 +04:00 [INF] База данных инициализирована
2025-11-16 14:29:35.257 +04:00 [INF] OrangeHRM API запущен
2025-11-16 14:29:53.172 +04:00 [WRN] Failed to determine the https port for redirect.
2025-11-16 14:29:53.235 +04:00 [INF] Получен запрос на добавление сотрудника: Иван Сидоров
2025-11-16 14:29:53.246 +04:00 [INF] Начало добавления сотрудника: Иван Петрович Сидоров
2025-11-16 14:29:53.247 +04:00 [INF] Создание ChromeDriver. Headless: false
2025-11-16 14:29:54.112 +04:00 [INF] ChromeDriver успешно создан
2025-11-16 14:29:54.113 +04:00 [INF] Начало авторизации на https://opensource-demo.orangehrmlive.com
2025-11-16 14:29:59.713 +04:00 [INF] Авторизация успешно выполнена
2025-11-16 14:30:06.120 +04:00 [ERR] Ошибка при добавлении сотрудника
OpenQA.Selenium.WebDriverException: invalid session id: session deleted as the browser has closed the connection
from disconnected: unable to send message to renderer
  (Session info: chrome=140.0.7339.82)
   at OpenQA.Selenium.WebDriver.UnpackAndThrowOnError(Response errorResponse, String commandToExecute)
   at OpenQA.Selenium.WebDriver.ExecuteAsync(String driverCommandToExecute, Dictionary`2 parameters)
   at OpenQA.Selenium.WebDriver.Execute(String driverCommandToExecute, Dictionary`2 parameters)
   at OpenQA.Selenium.WebElement.Execute(String commandToExecute, Dictionary`2 parameters)
   at OpenQA.Selenium.WebElement.FindElement(String mechanism, String value)
   at OpenQA.Selenium.By.<.ctor>b__6_0(ISearchContext context)
   at OpenQA.Selenium.By.FindElement(ISearchContext context)
   at OpenQA.Selenium.WebElement.FindElement(By by)
   at OrangeHRM.API.Helpers.WebAutomationHelper.HasFieldError(IWebDriver driver, By fieldLocator) in L:\TestWork\OrangeHRM.API\Helpers\WebAutomationHelper.cs:line 160
   at OrangeHRM.API.Services.EmployeeService.<>c__DisplayClass7_0.<GenerateUniqueEmployeeId>b__0(String id) in L:\TestWork\OrangeHRM.API\Services\EmployeeService.cs:line 145
   at OrangeHRM.API.Helpers.EmployeeIdGenerator.GenerateUnique(Func`2 isUnique, Int32 maxAttempts) in L:\TestWork\OrangeHRM.API\Helpers\EmployeeIdGenerator.cs:line 40
   at OrangeHRM.API.Services.EmployeeService.GenerateUniqueEmployeeId(IWebDriver driver) in L:\TestWork\OrangeHRM.API\Services\EmployeeService.cs:line 134
   at OrangeHRM.API.Services.EmployeeService.AddEmployeeAsync(EmployeeRequest request) in L:\TestWork\OrangeHRM.API\Services\EmployeeService.cs:line 56
2025-11-16 14:30:06.171 +04:00 [WRN] Не удалось добавить сотрудника. Ошибка: Ошибка при добавлении сотрудника: invalid session id: session deleted as the browser has closed the connection
from disconnected: unable to send message to renderer
  (Session info: chrome=140.0.7339.82)
2025-11-16 14:30:06.185 +04:00 [INF] HTTP POST /api/orangehrm/employee responded 200 in 13015.6427 ms
2025-11-16 14:34:31.127 +04:00 [INF] База данных инициализирована
2025-11-16 14:34:31.189 +04:00 [INF] OrangeHRM API запущен
2025-11-16 14:34:46.586 +04:00 [WRN] Failed to determine the https port for redirect.
2025-11-16 14:34:46.651 +04:00 [INF] Получен запрос на добавление сотрудника: Иван Сидоров
2025-11-16 14:34:46.655 +04:00 [INF] Начало добавления сотрудника: Иван Петрович Сидоров
2025-11-16 14:34:46.656 +04:00 [INF] Создание ChromeDriver. Headless: false
2025-11-16 14:34:47.318 +04:00 [INF] ChromeDriver успешно создан
2025-11-16 14:34:47.319 +04:00 [INF] Начало авторизации на https://opensource-demo.orangehrmlive.com
2025-11-16 14:34:51.762 +04:00 [INF] Авторизация успешно выполнена
2025-11-16 14:35:05.986 +04:00 [INF] Текущий URL: https://opensource-demo.orangehrmlive.com/web/index.php/pim/addEmployee
2025-11-16 14:35:05.993 +04:00 [INF] Найдено 18 ссылок на странице
2025-11-16 14:35:47.281 +04:00 [ERR] Ошибка при добавлении сотрудника
OpenQA.Selenium.WebDriverTimeoutException: Timed out after 15 seconds
 ---> OpenQA.Selenium.NoSuchElementException: no such element: Unable to locate element: {"method":"xpath","selector":"//*[@role='tab' and contains(text(),'Job')]"}
  (Session info: chrome=140.0.7339.82); For documentation on this error, please visit: https://www.selenium.dev/documentation/webdriver/troubleshooting/errors#nosuchelementexception
   at OpenQA.Selenium.WebDriver.UnpackAndThrowOnError(Response errorResponse, String commandToExecute)
   at OpenQA.Selenium.WebDriver.ExecuteAsync(String driverCommandToExecute, Dictionary`2 parameters)
   at OpenQA.Selenium.WebDriver.Execute(String driverCommandToExecute, Dictionary`2 parameters)
   at OpenQA.Selenium.WebDriver.FindElement(String mechanism, String value)
   at OpenQA.Selenium.By.<.ctor>b__6_0(ISearchContext context)
   at OpenQA.Selenium.By.FindElement(ISearchContext context)
   at OpenQA.Selenium.WebDriver.FindElement(By by)
   at OrangeHRM.API.Helpers.WebAutomationHelper.<>c__DisplayClass1_0.<WaitAndClick>b__0(IWebDriver d) in L:\TestWork\OrangeHRM.API\Helpers\WebAutomationHelper.cs:line 34
   at OpenQA.Selenium.Support.UI.DefaultWait`1.Until[TResult](Func`2 condition, CancellationToken token)
   --- End of inner exception stack trace ---
   at OpenQA.Selenium.Support.UI.DefaultWait`1.ThrowTimeoutException(String exceptionMessage, Exception lastException)
   at OpenQA.Selenium.Support.UI.DefaultWait`1.Until[TResult](Func`2 condition, CancellationToken token)
   at OpenQA.Selenium.Support.UI.DefaultWait`1.Until[TResult](Func`2 condition)
   at OrangeHRM.API.Helpers.WebAutomationHelper.WaitAndClick(IWebDriver driver, By locator, Int32 timeoutSeconds) in L:\TestWork\OrangeHRM.API\Helpers\WebAutomationHelper.cs:line 30
   at OrangeHRM.API.Services.EmployeeService.NavigateToJobTab(IWebDriver driver) in L:\TestWork\OrangeHRM.API\Services\EmployeeService.cs:line 238
   at OrangeHRM.API.Services.EmployeeService.AddEmployeeAsync(EmployeeRequest request) in L:\TestWork\OrangeHRM.API\Services\EmployeeService.cs:line 66
2025-11-16 14:35:47.371 +04:00 [WRN] Не удалось добавить сотрудника. Ошибка: Ошибка при добавлении сотрудника: Timed out after 15 seconds
2025-11-16 14:35:47.384 +04:00 [INF] HTTP POST /api/orangehrm/employee responded 200 in 60799.9860 ms
2025-11-16 14:37:21.523 +04:00 [INF] База данных инициализирована
2025-11-16 14:37:21.586 +04:00 [INF] OrangeHRM API запущен
2025-11-16 14:37:36.981 +04:00 [WRN] Failed to determine the https port for redirect.
2025-11-16 14:37:37.045 +04:00 [INF] Получен запрос на добавление сотрудника: Иван Сидоров
2025-11-16 14:37:37.050 +04:00 [INF] Начало добавления сотрудника: Иван Петрович Сидоров
2025-11-16 14:37:37.050 +04:00 [INF] Создание ChromeDriver. Headless: false
2025-11-16 14:37:37.655 +04:00 [INF] ChromeDriver успешно создан
2025-11-16 14:37:37.656 +04:00 [INF] Начало авторизации на https://opensource-demo.orangehrmlive.com
2025-11-16 14:37:39.626 +04:00 [DBG] Переход на страницу авторизации выполнен
2025-11-16 14:37:39.945 +04:00 [DBG] Поле Username заполнено
2025-11-16 14:37:39.999 +04:00 [DBG] Поле Password заполнено
2025-11-16 14:37:40.046 +04:00 [DBG] Кнопка Login нажата
2025-11-16 14:37:42.068 +04:00 [INF] Авторизация успешно выполнена
2025-11-16 14:37:42.069 +04:00 [DBG] Навигация: PIM -> Add Employee
2025-11-16 14:37:45.446 +04:00 [DBG] Страница Add Employee загружена
2025-11-16 14:37:45.446 +04:00 [DBG] Генерация уникального Employee ID
2025-11-16 14:37:56.059 +04:00 [DBG] Employee ID 433DJ7C уникален
2025-11-16 14:37:56.060 +04:00 [DBG] Заполнение базовой информации о сотруднике
2025-11-16 14:37:56.208 +04:00 [DBG] Базовая информация заполнена
2025-11-16 14:37:56.208 +04:00 [DBG] Переход на вкладку Job
2025-11-16 14:37:56.211 +04:00 [INF] Текущий URL: https://opensource-demo.orangehrmlive.com/web/index.php/pim/addEmployee
2025-11-16 14:37:56.297 +04:00 [INF] Скриншот сохранен: L:\TestWork\debug_before_job_tab.png
2025-11-16 14:38:46.523 +04:00 [ERR] Ошибка при добавлении сотрудника
System.Exception: Вкладка Job не найдена на странице. Возможно, Job Details заполняются после создания сотрудника.
   at OrangeHRM.API.Services.EmployeeService.NavigateToJobTab(IWebDriver driver) in L:\TestWork\OrangeHRM.API\Services\EmployeeService.cs:line 253
   at OrangeHRM.API.Services.EmployeeService.AddEmployeeAsync(EmployeeRequest request) in L:\TestWork\OrangeHRM.API\Services\EmployeeService.cs:line 66
2025-11-16 14:38:46.622 +04:00 [WRN] Не удалось добавить сотрудника. Ошибка: Ошибка при добавлении сотрудника: Вкладка Job не найдена на странице. Возможно, Job Details заполняются после создания сотрудника.
2025-11-16 14:38:46.635 +04:00 [INF] HTTP POST /api/orangehrm/employee responded 200 in 69656.3361 ms
2025-11-16 14:39:56.722 +04:00 [INF] База данных инициализирована
2025-11-16 14:39:56.785 +04:00 [INF] OrangeHRM API запущен
2025-11-16 14:40:11.712 +04:00 [WRN] Failed to determine the https port for redirect.
2025-11-16 14:40:11.777 +04:00 [INF] Получен запрос на добавление сотрудника: Иван Сидоров
2025-11-16 14:40:11.782 +04:00 [INF] Начало добавления сотрудника: Иван Петрович Сидоров
2025-11-16 14:40:11.782 +04:00 [INF] Создание ChromeDriver. Headless: false
2025-11-16 14:40:12.460 +04:00 [INF] ChromeDriver успешно создан
2025-11-16 14:40:12.462 +04:00 [INF] Начало авторизации на https://opensource-demo.orangehrmlive.com
2025-11-16 14:40:14.521 +04:00 [DBG] Переход на страницу авторизации выполнен
2025-11-16 14:40:14.862 +04:00 [DBG] Поле Username заполнено
2025-11-16 14:40:14.928 +04:00 [DBG] Поле Password заполнено
2025-11-16 14:40:14.993 +04:00 [DBG] Кнопка Login нажата
2025-11-16 14:40:17.014 +04:00 [INF] Авторизация успешно выполнена
2025-11-16 14:40:17.015 +04:00 [DBG] Навигация: PIM -> Add Employee
2025-11-16 14:40:20.452 +04:00 [DBG] Страница Add Employee загружена
2025-11-16 14:40:20.452 +04:00 [DBG] Генерация уникального Employee ID
2025-11-16 14:40:31.076 +04:00 [DBG] Employee ID GO9RU6Q уникален
2025-11-16 14:40:31.077 +04:00 [DBG] Заполнение базовой информации о сотруднике
2025-11-16 14:40:31.237 +04:00 [DBG] Базовая информация заполнена
2025-11-16 14:40:31.284 +04:00 [DBG] Кнопка Save нажата
2025-11-16 14:40:34.300 +04:00 [INF] После Save, текущий URL: https://opensource-demo.orangehrmlive.com/web/index.php/pim/addEmployee
2025-11-16 14:40:34.301 +04:00 [DBG] Переход на вкладку Job
2025-11-16 14:40:34.303 +04:00 [INF] Текущий URL: https://opensource-demo.orangehrmlive.com/web/index.php/pim/addEmployee
2025-11-16 14:40:34.399 +04:00 [INF] Скриншот сохранен: L:\TestWork\debug_before_job_tab.png
2025-11-16 14:40:35.311 +04:00 [INF] Найдена вкладка Job с помощью селектора: By.XPath: //a[contains(translate(text(), 'JOB', 'job'), 'job')]
2025-11-16 14:40:37.323 +04:00 [DBG] Вкладка Job загружена
2025-11-16 14:40:37.324 +04:00 [DBG] Валидация Job полей
2025-11-16 14:40:38.646 +04:00 [WRN] Job Category: значение 'Finance' не найдено. Доступные: -- Select --, Craft Workers, Laborers and Helpers, Office and Clerical Workers, Officials and Managers, Operatives, Professionals, Sales Workers, Service Workers, Technicians
2025-11-16 14:40:38.727 +04:00 [WRN] Не удалось добавить сотрудника. Ошибка: Job Category 'Finance' not found
2025-11-16 14:40:38.740 +04:00 [INF] HTTP POST /api/orangehrm/employee responded 200 in 27030.3012 ms
2025-11-16 14:40:59.343 +04:00 [INF] Получен запрос на добавление сотрудника: Иван Сидоров
2025-11-16 14:40:59.343 +04:00 [INF] Начало добавления сотрудника: Иван Петрович Сидоров
2025-11-16 14:40:59.344 +04:00 [INF] Создание ChromeDriver. Headless: false
2025-11-16 14:41:00.354 +04:00 [INF] ChromeDriver успешно создан
2025-11-16 14:41:00.354 +04:00 [INF] Начало авторизации на https://opensource-demo.orangehrmlive.com
2025-11-16 14:41:02.337 +04:00 [DBG] Переход на страницу авторизации выполнен
2025-11-16 14:41:02.655 +04:00 [DBG] Поле Username заполнено
2025-11-16 14:41:02.713 +04:00 [DBG] Поле Password заполнено
2025-11-16 14:41:02.761 +04:00 [DBG] Кнопка Login нажата
2025-11-16 14:41:04.781 +04:00 [INF] Авторизация успешно выполнена
2025-11-16 14:41:04.781 +04:00 [DBG] Навигация: PIM -> Add Employee
2025-11-16 14:41:08.161 +04:00 [DBG] Страница Add Employee загружена
2025-11-16 14:41:08.161 +04:00 [DBG] Генерация уникального Employee ID
2025-11-16 14:41:18.799 +04:00 [DBG] Employee ID 6JJ6UXI уникален
2025-11-16 14:41:18.799 +04:00 [DBG] Заполнение базовой информации о сотруднике
2025-11-16 14:41:18.963 +04:00 [DBG] Базовая информация заполнена
2025-11-16 14:41:19.006 +04:00 [DBG] Кнопка Save нажата
2025-11-16 14:41:22.013 +04:00 [INF] После Save, текущий URL: https://opensource-demo.orangehrmlive.com/web/index.php/pim/addEmployee
2025-11-16 14:41:22.013 +04:00 [DBG] Переход на вкладку Job
2025-11-16 14:41:22.015 +04:00 [INF] Текущий URL: https://opensource-demo.orangehrmlive.com/web/index.php/pim/addEmployee
2025-11-16 14:41:22.103 +04:00 [INF] Скриншот сохранен: L:\TestWork\debug_before_job_tab.png
2025-11-16 14:41:23.082 +04:00 [INF] Найдена вкладка Job с помощью селектора: By.XPath: //a[contains(translate(text(), 'JOB', 'job'), 'job')]
2025-11-16 14:41:25.120 +04:00 [DBG] Вкладка Job загружена
2025-11-16 14:41:25.120 +04:00 [DBG] Валидация Job полей
2025-11-16 14:41:27.089 +04:00 [WRN] Sub Unit: значение 'OrangeHRM' не найдено. Доступные: -- Select --, Administration, Engineering, Development, Quality Assurance, TechOps, Sales & Marketing, Sales, Marketing, Client Services, Technical Support, Finance, Human Resources, hola, juan perez
2025-11-16 14:41:27.173 +04:00 [WRN] Не удалось добавить сотрудника. Ошибка: Sub Unit 'OrangeHRM' not found
2025-11-16 14:41:27.174 +04:00 [INF] HTTP POST /api/orangehrm/employee responded 200 in 27831.9740 ms
2025-11-16 14:41:45.329 +04:00 [INF] Получен запрос на добавление сотрудника: Иван Сидоров
2025-11-16 14:41:45.329 +04:00 [INF] Начало добавления сотрудника: Иван Петрович Сидоров
2025-11-16 14:41:45.329 +04:00 [INF] Создание ChromeDriver. Headless: false
2025-11-16 14:41:46.384 +04:00 [INF] ChromeDriver успешно создан
2025-11-16 14:41:46.384 +04:00 [INF] Начало авторизации на https://opensource-demo.orangehrmlive.com
2025-11-16 14:41:48.303 +04:00 [DBG] Переход на страницу авторизации выполнен
2025-11-16 14:41:48.615 +04:00 [DBG] Поле Username заполнено
2025-11-16 14:41:48.665 +04:00 [DBG] Поле Password заполнено
2025-11-16 14:41:48.710 +04:00 [DBG] Кнопка Login нажата
2025-11-16 14:41:50.721 +04:00 [INF] Авторизация успешно выполнена
2025-11-16 14:41:50.721 +04:00 [DBG] Навигация: PIM -> Add Employee
2025-11-16 14:41:54.123 +04:00 [DBG] Страница Add Employee загружена
2025-11-16 14:41:54.123 +04:00 [DBG] Генерация уникального Employee ID
2025-11-16 14:42:04.756 +04:00 [DBG] Employee ID CIKK6RR уникален
2025-11-16 14:42:04.756 +04:00 [DBG] Заполнение базовой информации о сотруднике
2025-11-16 14:42:04.902 +04:00 [DBG] Базовая информация заполнена
2025-11-16 14:42:04.945 +04:00 [DBG] Кнопка Save нажата
2025-11-16 14:42:07.960 +04:00 [INF] После Save, текущий URL: https://opensource-demo.orangehrmlive.com/web/index.php/pim/addEmployee
2025-11-16 14:42:07.960 +04:00 [DBG] Переход на вкладку Job
2025-11-16 14:42:07.962 +04:00 [INF] Текущий URL: https://opensource-demo.orangehrmlive.com/web/index.php/pim/addEmployee
2025-11-16 14:42:08.052 +04:00 [INF] Скриншот сохранен: L:\TestWork\debug_before_job_tab.png
2025-11-16 14:42:09.019 +04:00 [INF] Найдена вкладка Job с помощью селектора: By.XPath: //a[contains(translate(text(), 'JOB', 'job'), 'job')]
2025-11-16 14:42:11.023 +04:00 [DBG] Вкладка Job загружена
2025-11-16 14:42:11.023 +04:00 [DBG] Валидация Job полей
2025-11-16 14:42:14.191 +04:00 [DBG] Все Job поля валидны
2025-11-16 14:42:14.191 +04:00 [DBG] Заполнение Job Details
2025-11-16 14:42:24.862 +04:00 [WRN] Не удалось выбрать 'Chief Financial Officer' в поле 'Job Title'
2025-11-16 14:42:35.567 +04:00 [WRN] Не удалось выбрать 'Professionals' в поле 'Job Category'
2025-11-16 14:42:46.161 +04:00 [WRN] Не удалось выбрать 'Finance' в поле 'Sub Unit'
2025-11-16 14:42:56.790 +04:00 [WRN] Не удалось выбрать 'New York Sales Office' в поле 'Location'
2025-11-16 14:43:07.392 +04:00 [WRN] Не удалось выбрать 'Full-Time Permanent' в поле 'Employment Status'
2025-11-16 14:43:07.392 +04:00 [DBG] Job Details заполнены
2025-11-16 14:43:07.437 +04:00 [DBG] Кнопка Save нажата
2025-11-16 14:43:08.952 +04:00 [INF] Сотрудник успешно добавлен с ID: CIKK6RR
2025-11-16 14:43:09.075 +04:00 [INF] Сотрудник сохранен в БД: CIKK6RR
2025-11-16 14:43:09.075 +04:00 [INF] Данные сотрудника сохранены в БД: CIKK6RR
2025-11-16 14:43:09.155 +04:00 [INF] Сотрудник успешно добавлен. Employee ID: CIKK6RR
2025-11-16 14:43:09.156 +04:00 [INF] HTTP POST /api/orangehrm/employee responded 200 in 83829.6509 ms
2025-11-16 14:50:46.718 +04:00 [INF] Получен запрос на добавление сотрудника: Иван Сидоров
2025-11-16 14:50:46.718 +04:00 [INF] Начало добавления сотрудника: Иван Петрович Сидоров
2025-11-16 14:50:46.718 +04:00 [INF] Создание ChromeDriver. Headless: false
2025-11-16 14:50:47.937 +04:00 [INF] ChromeDriver успешно создан
2025-11-16 14:50:47.937 +04:00 [INF] Начало авторизации на https://opensource-demo.orangehrmlive.com
2025-11-16 14:50:50.027 +04:00 [DBG] Переход на страницу авторизации выполнен
2025-11-16 14:50:50.351 +04:00 [DBG] Поле Username заполнено
2025-11-16 14:50:50.401 +04:00 [DBG] Поле Password заполнено
2025-11-16 14:50:50.445 +04:00 [DBG] Кнопка Login нажата
2025-11-16 14:50:52.467 +04:00 [INF] Авторизация успешно выполнена
2025-11-16 14:50:52.467 +04:00 [DBG] Навигация: PIM -> Add Employee
2025-11-16 14:50:55.891 +04:00 [DBG] Страница Add Employee загружена
2025-11-16 14:50:55.891 +04:00 [DBG] Генерация уникального Employee ID
2025-11-16 14:51:06.524 +04:00 [DBG] Employee ID 6CGTLLE уникален
2025-11-16 14:51:06.524 +04:00 [DBG] Заполнение базовой информации о сотруднике
2025-11-16 14:51:06.702 +04:00 [DBG] Базовая информация заполнена
2025-11-16 14:51:06.755 +04:00 [DBG] Кнопка Save нажата
2025-11-16 14:51:09.758 +04:00 [INF] После Save, текущий URL: https://opensource-demo.orangehrmlive.com/web/index.php/pim/addEmployee
2025-11-16 14:51:09.759 +04:00 [DBG] Переход на вкладку Job
2025-11-16 14:51:09.760 +04:00 [INF] Текущий URL: https://opensource-demo.orangehrmlive.com/web/index.php/pim/addEmployee
2025-11-16 14:51:09.861 +04:00 [INF] Скриншот сохранен: L:\TestWork\debug_before_job_tab.png
2025-11-16 14:51:10.845 +04:00 [INF] Найдена вкладка Job с помощью селектора: By.XPath: //a[contains(translate(text(), 'JOB', 'job'), 'job')]
2025-11-16 14:51:12.872 +04:00 [DBG] Вкладка Job загружена
2025-11-16 14:51:12.872 +04:00 [DBG] Валидация Job полей
2025-11-16 14:51:15.423 +04:00 [WRN] Location: значение 'Texax R&D' не найдено. Доступные: -- Select --, Canadian Regional HQ, HQ - CA, USA, New York Sales Office, test a, Texas R&D
2025-11-16 14:51:15.514 +04:00 [WRN] Не удалось добавить сотрудника. Ошибка: Location 'Texax R&D' not found
2025-11-16 14:51:15.514 +04:00 [INF] HTTP POST /api/orangehrm/employee responded 200 in 28796.9650 ms
2025-11-16 14:51:32.311 +04:00 [INF] Получен запрос на добавление сотрудника: Иван Сидоров
2025-11-16 14:51:32.311 +04:00 [INF] Начало добавления сотрудника: Иван Петрович Сидоров
2025-11-16 14:51:32.311 +04:00 [INF] Создание ChromeDriver. Headless: false
2025-11-16 14:51:33.367 +04:00 [INF] ChromeDriver успешно создан
2025-11-16 14:51:33.367 +04:00 [INF] Начало авторизации на https://opensource-demo.orangehrmlive.com
2025-11-16 14:51:35.477 +04:00 [DBG] Переход на страницу авторизации выполнен
2025-11-16 14:51:35.797 +04:00 [DBG] Поле Username заполнено
2025-11-16 14:51:35.848 +04:00 [DBG] Поле Password заполнено
2025-11-16 14:51:35.893 +04:00 [DBG] Кнопка Login нажата
2025-11-16 14:51:37.911 +04:00 [INF] Авторизация успешно выполнена
2025-11-16 14:51:37.911 +04:00 [DBG] Навигация: PIM -> Add Employee
2025-11-16 14:51:41.310 +04:00 [DBG] Страница Add Employee загружена
2025-11-16 14:51:41.310 +04:00 [DBG] Генерация уникального Employee ID
2025-11-16 14:51:51.936 +04:00 [DBG] Employee ID KW8Q88R уникален
2025-11-16 14:51:51.936 +04:00 [DBG] Заполнение базовой информации о сотруднике
2025-11-16 14:51:52.080 +04:00 [DBG] Базовая информация заполнена
2025-11-16 14:51:52.122 +04:00 [DBG] Кнопка Save нажата
2025-11-16 14:51:55.125 +04:00 [INF] После Save, текущий URL: https://opensource-demo.orangehrmlive.com/web/index.php/pim/addEmployee
2025-11-16 14:51:55.126 +04:00 [DBG] Переход на вкладку Job
2025-11-16 14:51:55.127 +04:00 [INF] Текущий URL: https://opensource-demo.orangehrmlive.com/web/index.php/pim/addEmployee
2025-11-16 14:51:55.220 +04:00 [INF] Скриншот сохранен: L:\TestWork\debug_before_job_tab.png
2025-11-16 14:51:56.172 +04:00 [INF] Найдена вкладка Job с помощью селектора: By.XPath: //a[contains(translate(text(), 'JOB', 'job'), 'job')]
2025-11-16 14:51:58.178 +04:00 [DBG] Вкладка Job загружена
2025-11-16 14:51:58.178 +04:00 [DBG] Валидация Job полей
2025-11-16 14:52:01.334 +04:00 [DBG] Все Job поля валидны
2025-11-16 14:52:01.334 +04:00 [DBG] Заполнение Job Details
2025-11-16 14:52:11.990 +04:00 [WRN] Не удалось выбрать 'Software Engineer' в поле 'Job Title'
2025-11-16 14:52:22.575 +04:00 [WRN] Не удалось выбрать 'Technicians' в поле 'Job Category'
2025-11-16 14:52:33.154 +04:00 [WRN] Не удалось выбрать 'Engineering' в поле 'Sub Unit'
2025-11-16 14:52:43.748 +04:00 [WRN] Не удалось выбрать 'Texas R&D' в поле 'Location'
2025-11-16 14:52:54.327 +04:00 [WRN] Не удалось выбрать 'Full-Time Contract' в поле 'Employment Status'
2025-11-16 14:52:54.327 +04:00 [DBG] Job Details заполнены
2025-11-16 14:52:54.372 +04:00 [DBG] Кнопка Save нажата
2025-11-16 14:52:55.877 +04:00 [INF] Сотрудник успешно добавлен с ID: KW8Q88R
2025-11-16 14:52:55.923 +04:00 [INF] Сотрудник сохранен в БД: KW8Q88R
2025-11-16 14:52:55.923 +04:00 [INF] Данные сотрудника сохранены в БД: KW8Q88R
2025-11-16 14:52:56.001 +04:00 [INF] Сотрудник успешно добавлен. Employee ID: KW8Q88R
2025-11-16 14:52:56.001 +04:00 [INF] HTTP POST /api/orangehrm/employee responded 200 in 83690.5644 ms
2025-11-16 14:53:42.451 +04:00 [INF] Получен запрос на создание претензии для сотрудника: KW8Q88R
2025-11-16 14:53:42.452 +04:00 [INF] Начало создания претензии для сотрудника: KW8Q88R
2025-11-16 14:53:42.452 +04:00 [INF] Создание ChromeDriver. Headless: false
2025-11-16 14:53:43.457 +04:00 [INF] ChromeDriver успешно создан
2025-11-16 14:53:43.457 +04:00 [INF] Начало авторизации на https://opensource-demo.orangehrmlive.com
2025-11-16 14:53:45.543 +04:00 [DBG] Переход на страницу авторизации выполнен
2025-11-16 14:53:45.874 +04:00 [DBG] Поле Username заполнено
2025-11-16 14:53:45.926 +04:00 [DBG] Поле Password заполнено
2025-11-16 14:53:45.970 +04:00 [DBG] Кнопка Login нажата
2025-11-16 14:53:47.982 +04:00 [INF] Авторизация успешно выполнена
2025-11-16 14:53:47.983 +04:00 [DBG] Навигация: Claim -> Assign Claim
2025-11-16 14:53:51.356 +04:00 [DBG] Страница Assign Claim загружена
2025-11-16 14:53:51.503 +04:00 [DBG] Сотрудник найден в БД: KW8Q88R
2025-11-16 14:53:51.503 +04:00 [INF] Получено ФИО из БД для employeeId KW8Q88R: Иван Петрович Сидоров
2025-11-16 14:53:51.503 +04:00 [DBG] Выбор сотрудника из автокомплита: Иван Петрович Сидоров
2025-11-16 14:54:02.598 +04:00 [WRN] Не удалось выбрать сотрудника 'Иван Петрович Сидоров' из автокомплита
2025-11-16 14:54:02.684 +04:00 [WRN] Не удалось создать претензию. Ошибка: Сотрудник 'Иван Петрович Сидоров' не найден в системе OrangeHRM
2025-11-16 14:54:02.685 +04:00 [INF] HTTP POST /api/orangehrm/claim responded 200 in 20239.7665 ms
2025-11-16 14:58:28.203 +04:00 [INF] База данных инициализирована
2025-11-16 14:58:28.264 +04:00 [INF] OrangeHRM API запущен
2025-11-16 15:00:39.089 +04:00 [WRN] Failed to determine the https port for redirect.
2025-11-16 15:00:39.155 +04:00 [INF] Получен запрос на добавление сотрудника: Иван Сидоров
2025-11-16 15:00:39.166 +04:00 [INF] Начало добавления сотрудника: Иван Петрович Сидоров
2025-11-16 15:00:39.167 +04:00 [INF] Создание ChromeDriver. Headless: false
2025-11-16 15:00:39.900 +04:00 [INF] ChromeDriver успешно создан
2025-11-16 15:00:39.901 +04:00 [INF] Начало авторизации на https://opensource-demo.orangehrmlive.com
2025-11-16 15:00:42.035 +04:00 [DBG] Переход на страницу авторизации выполнен
2025-11-16 15:00:42.433 +04:00 [DBG] Поле Username заполнено
2025-11-16 15:00:42.493 +04:00 [DBG] Поле Password заполнено
2025-11-16 15:00:42.549 +04:00 [DBG] Кнопка Login нажата
2025-11-16 15:00:44.573 +04:00 [INF] Авторизация успешно выполнена
2025-11-16 15:00:44.573 +04:00 [DBG] Навигация: PIM -> Add Employee
2025-11-16 15:00:48.011 +04:00 [DBG] Страница Add Employee загружена
2025-11-16 15:00:48.011 +04:00 [DBG] Генерация уникального Employee ID
2025-11-16 15:00:58.644 +04:00 [DBG] Employee ID GKZ224N уникален
2025-11-16 15:00:58.644 +04:00 [DBG] Заполнение базовой информации о сотруднике
2025-11-16 15:00:58.810 +04:00 [DBG] Базовая информация заполнена
2025-11-16 15:00:58.860 +04:00 [DBG] Кнопка Save нажата
2025-11-16 15:01:01.871 +04:00 [INF] После Save, текущий URL: https://opensource-demo.orangehrmlive.com/web/index.php/pim/addEmployee
2025-11-16 15:01:01.872 +04:00 [DBG] Переход на вкладку Job
2025-11-16 15:01:01.874 +04:00 [INF] Текущий URL: https://opensource-demo.orangehrmlive.com/web/index.php/pim/addEmployee
2025-11-16 15:01:01.966 +04:00 [INF] Скриншот сохранен: L:\TestWork\debug_before_job_tab.png
2025-11-16 15:01:02.939 +04:00 [INF] Найдена вкладка Job с помощью селектора: By.XPath: //a[contains(translate(text(), 'JOB', 'job'), 'job')]
2025-11-16 15:01:04.945 +04:00 [DBG] Вкладка Job загружена
2025-11-16 15:01:04.946 +04:00 [DBG] Валидация Job полей
2025-11-16 15:01:08.085 +04:00 [DBG] Все Job поля валидны
2025-11-16 15:01:08.086 +04:00 [DBG] Заполнение Job Details
2025-11-16 15:02:04.235 +04:00 [DBG] Job Details заполнены
2025-11-16 15:02:04.280 +04:00 [DBG] Кнопка Save нажата
2025-11-16 15:02:05.781 +04:00 [INF] Сотрудник успешно добавлен с ID: GKZ224N
2025-11-16 15:02:05.909 +04:00 [INF] Сотрудник сохранен в БД: GKZ224N
2025-11-16 15:02:05.909 +04:00 [INF] Данные сотрудника сохранены в БД: GKZ224N
2025-11-16 15:02:05.999 +04:00 [INF] Сотрудник успешно добавлен. Employee ID: GKZ224N
2025-11-16 15:02:06.014 +04:00 [INF] HTTP POST /api/orangehrm/employee responded 200 in 86927.1323 ms
2025-11-16 15:02:30.145 +04:00 [INF] Получен запрос на создание претензии для сотрудника: GKZ224N
2025-11-16 15:02:30.146 +04:00 [INF] Начало создания претензии для сотрудника: GKZ224N
2025-11-16 15:02:30.146 +04:00 [INF] Создание ChromeDriver. Headless: false
2025-11-16 15:02:31.294 +04:00 [INF] ChromeDriver успешно создан
2025-11-16 15:02:31.294 +04:00 [INF] Начало авторизации на https://opensource-demo.orangehrmlive.com
2025-11-16 15:02:33.278 +04:00 [DBG] Переход на страницу авторизации выполнен
2025-11-16 15:02:33.596 +04:00 [DBG] Поле Username заполнено
2025-11-16 15:02:33.646 +04:00 [DBG] Поле Password заполнено
2025-11-16 15:02:33.692 +04:00 [DBG] Кнопка Login нажата
2025-11-16 15:02:35.707 +04:00 [INF] Авторизация успешно выполнена
2025-11-16 15:02:35.708 +04:00 [DBG] Навигация: Claim -> Assign Claim
2025-11-16 15:02:39.151 +04:00 [DBG] Страница Assign Claim загружена
2025-11-16 15:02:39.335 +04:00 [DBG] Сотрудник найден в БД: GKZ224N
2025-11-16 15:02:39.336 +04:00 [INF] Получено ФИО из БД для employeeId GKZ224N: Иван Петрович Сидоров
2025-11-16 15:02:39.336 +04:00 [DBG] Выбор сотрудника из автокомплита: Иван Петрович Сидоров
2025-11-16 15:02:50.422 +04:00 [WRN] Не удалось выбрать сотрудника 'Иван Петрович Сидоров' из автокомплита
2025-11-16 15:02:50.497 +04:00 [WRN] Не удалось создать претензию. Ошибка: Сотрудник 'Иван Петрович Сидоров' не найден в системе OrangeHRM
2025-11-16 15:02:50.499 +04:00 [INF] HTTP POST /api/orangehrm/claim responded 200 in 20360.0014 ms
2025-11-16 15:03:33.462 +04:00 [INF] База данных инициализирована
2025-11-16 15:03:33.525 +04:00 [INF] OrangeHRM API запущен
2025-11-16 15:04:05.409 +04:00 [WRN] Failed to determine the https port for redirect.
2025-11-16 15:04:05.469 +04:00 [INF] Получен запрос на создание претензии для сотрудника: GKZ224N
2025-11-16 15:04:05.480 +04:00 [INF] Начало создания претензии для сотрудника: GKZ224N
2025-11-16 15:04:05.481 +04:00 [INF] Создание ChromeDriver. Headless: false
2025-11-16 15:04:06.078 +04:00 [INF] ChromeDriver успешно создан
2025-11-16 15:04:06.079 +04:00 [INF] Начало авторизации на https://opensource-demo.orangehrmlive.com
2025-11-16 15:04:08.095 +04:00 [DBG] Переход на страницу авторизации выполнен
2025-11-16 15:04:08.440 +04:00 [DBG] Поле Username заполнено
2025-11-16 15:04:08.491 +04:00 [DBG] Поле Password заполнено
2025-11-16 15:04:08.536 +04:00 [DBG] Кнопка Login нажата
2025-11-16 15:04:10.553 +04:00 [INF] Авторизация успешно выполнена
2025-11-16 15:04:10.554 +04:00 [DBG] Навигация: Claim -> Assign Claim
2025-11-16 15:04:14.049 +04:00 [DBG] Страница Assign Claim загружена
2025-11-16 15:04:14.244 +04:00 [DBG] Сотрудник найден в БД: GKZ224N
2025-11-16 15:04:14.244 +04:00 [INF] Получено ФИО из БД для employeeId GKZ224N: Иван Петрович Сидоров
2025-11-16 15:04:14.244 +04:00 [DBG] Выбор сотрудника из автокомплита: Иван Петрович Сидоров
2025-11-16 15:04:47.529 +04:00 [WRN] Не удалось выбрать сотрудника 'Иван Петрович Сидоров' из автокомплита
2025-11-16 15:04:47.606 +04:00 [WRN] Не удалось создать претензию. Ошибка: Сотрудник 'Иван Петрович Сидоров' не найден в системе OrangeHRM
2025-11-16 15:04:47.619 +04:00 [INF] HTTP POST /api/orangehrm/claim responded 200 in 42211.5749 ms
2025-11-16 15:08:17.454 +04:00 [INF] База данных инициализирована
2025-11-16 15:08:17.515 +04:00 [INF] OrangeHRM API запущен
2025-11-16 15:08:24.743 +04:00 [WRN] Failed to determine the https port for redirect.
2025-11-16 15:08:24.804 +04:00 [INF] Получен запрос на создание претензии для сотрудника: GKZ224N
2025-11-16 15:08:24.809 +04:00 [INF] Начало создания претензии для сотрудника: GKZ224N
2025-11-16 15:08:24.810 +04:00 [INF] Создание ChromeDriver. Headless: false
2025-11-16 15:08:25.467 +04:00 [INF] ChromeDriver успешно создан
2025-11-16 15:08:25.468 +04:00 [INF] Начало авторизации на https://opensource-demo.orangehrmlive.com
2025-11-16 15:08:27.671 +04:00 [DBG] Переход на страницу авторизации выполнен
2025-11-16 15:08:28.067 +04:00 [DBG] Поле Username заполнено
2025-11-16 15:08:28.122 +04:00 [DBG] Поле Password заполнено
2025-11-16 15:08:28.170 +04:00 [DBG] Кнопка Login нажата
2025-11-16 15:08:30.826 +04:00 [INF] Авторизация успешно выполнена
2025-11-16 15:08:30.827 +04:00 [DBG] Навигация: Claim -> Assign Claim
2025-11-16 15:08:35.061 +04:00 [DBG] Страница Assign Claim загружена
2025-11-16 15:08:35.246 +04:00 [DBG] Сотрудник найден в БД: GKZ224N
2025-11-16 15:08:35.246 +04:00 [INF] Получено ФИО из БД для employeeId GKZ224N: Иван Петрович Сидоров
2025-11-16 15:08:35.246 +04:00 [DBG] Выбор сотрудника из автокомплита: Иван Петрович Сидоров
2025-11-16 15:08:48.893 +04:00 [DBG] Сотрудник 'Иван Петрович Сидоров' успешно выбран из автокомплита
2025-11-16 15:08:48.893 +04:00 [DBG] Валидация поля Event: Accommodation
2025-11-16 15:08:49.481 +04:00 [DBG] Валидация поля Currency: USD
2025-11-16 15:08:50.762 +04:00 [WRN] Currency: значение 'USD' не найдено. Доступные: -- Select --, Afghanistan Afghani, Albanian Lek, Algerian Dinar, Angolan New Kwanza, Argentina Pesos, Argentine Peso, Aruban Florin, Australian Dollar, Bahamian Dollar, Bahraini Dinar, Bangladeshi Taka, Barbados Dollar, Belize Dollar, Bermudian Dollar, Bhutan Ngultrum, Bolivian Boliviano, Botswana Pula, Brazilian Real, Brunei Dollar, Bulgarian Lev, Burundi Franc, Canadian Dollar, Cape Verde Escudo, Cayman Islands Dollar, CFA Franc BCEAO, CFA Franc BEAC, CFP Franc, Chilean Peso, Chinese Yuan Renminbi, Colombian Peso, Comoros Franc, Costa Rican Colon, Croatian Kuna, Cuban Peso, Cyprus Pound, Czech Koruna, Danish Krona, Djibouti Franc, Dominican Peso, Eastern Caribbean Dollars, Ecuador Sucre, Egyptian Pound, El Salvador Colon, Estonian Krona, Ethiopian Birr, Euro, Falkland Islands Pound, Fiji Dollar, Gambian Dalasi, Ghanaian Cedi, Gibraltar Pound, Gold (oz.), Guatemalan Quetzal, Guinea Franc, Guyanan Dollar, Haitian Gourde, Honduran Lempira, Hong Kong Dollar, Hungarian Forint, Iceland Krona, IMF Special Drawing Right, Indian Rupee, Indonesian Rupiah, Iranian Rial, Iraqi Dinar, Israeli New Shekel, Jamaican Dollar, Japanese Yen, Jordanian Dinar, Kampuchean Riel, Kazakhstan Tenge, Kenyan Shilling, Korean Won, Kuwaiti Dinar, Lao Kip, Latvian Lats, Lebanese Pound, Lesotho Loti, Liberian Dollar, Libyan Dinar, Lithuanian Litas, Macau Pataca, Malagasy Franc, Malawi Kwacha, Malaysian Ringgit, Maldive Rufiyaa, Maltese Lira, Mauritanian Ouguiya, Mauritius Rupee, Mexican New Peso, Mexican Peso, Mongolian Tugrik, Moroccan Dirham, Mozambique Metical, Myanmar Kyat, Namibia Dollar, Nepalese Rupee, New Zaire, New Zealand Dollar, Nicaraguan Cordoba Oro, Nigerian Naira, NL Antillian Guilder, North Korean Won, Norwegian Krona, Omani Rial, Pakistan Rupee, Palladium (oz.), Panamanian Balboa, Papua New Guinea Kina, Paraguay Guarani, Peruvian Nuevo Sol, Philippine Peso, Platinum (oz.), Polish Zloty, Pound Sterling, Qatari Rial, Romanian Leu, Russia Rubles, Russian Rouble, Samoan Tala, Sao Tome/Principe Dobra, Saudi Arabia Riyal, Seychelles Rupee, Sierra Leone Leone, Silver (oz.), Singapore Dollar, Slovak Koruna, Solomon Islands Dollar, Somali Shilling, South African Rand, Sri Lanka Rupee, St. Helena Pound, Sudanese Dinar, Sudanese Pound, Surinamese Dollar, Swaziland Lilangeni, Swedish Krona, Swiss Franc, Syrian Pound, Taiwan Dollar, Tanzanian Shilling, Thai Baht, Tongan Pa'anga, Trinidad/Tobago Dollar, Tunisian Dinar, Turkish Lira, Uganda Shilling, Ukraine Hryvnia, United States Dollar, Uruguayan Peso, Utd. Arab Emir. Dirham, Vanuatu Vatu, Venezuelan Bolivar, Vietnamese Dong, Yemeni Riyal, Yugoslav Dinar, Yugoslavian Dinar, Zambian Kwacha, Zimbabwe Dollar
2025-11-16 15:08:50.840 +04:00 [WRN] Не удалось создать претензию. Ошибка: Currency 'USD' not found
2025-11-16 15:08:50.855 +04:00 [INF] HTTP POST /api/orangehrm/claim responded 200 in 26114.4186 ms
2025-11-16 15:09:09.998 +04:00 [INF] Получен запрос на создание претензии для сотрудника: GKZ224N
2025-11-16 15:09:09.999 +04:00 [INF] Начало создания претензии для сотрудника: GKZ224N
2025-11-16 15:09:09.999 +04:00 [INF] Создание ChromeDriver. Headless: false
2025-11-16 15:09:11.067 +04:00 [INF] ChromeDriver успешно создан
2025-11-16 15:09:11.068 +04:00 [INF] Начало авторизации на https://opensource-demo.orangehrmlive.com
2025-11-16 15:09:13.630 +04:00 [DBG] Переход на страницу авторизации выполнен
2025-11-16 15:09:14.387 +04:00 [DBG] Поле Username заполнено
2025-11-16 15:09:14.438 +04:00 [DBG] Поле Password заполнено
2025-11-16 15:09:14.484 +04:00 [DBG] Кнопка Login нажата
2025-11-16 15:09:16.502 +04:00 [INF] Авторизация успешно выполнена
2025-11-16 15:09:16.502 +04:00 [DBG] Навигация: Claim -> Assign Claim
2025-11-16 15:09:20.663 +04:00 [DBG] Страница Assign Claim загружена
2025-11-16 15:09:20.707 +04:00 [DBG] Сотрудник найден в БД: GKZ224N
2025-11-16 15:09:20.708 +04:00 [INF] Получено ФИО из БД для employeeId GKZ224N: Иван Петрович Сидоров
2025-11-16 15:09:20.708 +04:00 [DBG] Выбор сотрудника из автокомплита: Иван Петрович Сидоров
2025-11-16 15:10:32.013 +04:00 [ERR] Ошибка при выборе сотрудника из автокомплита
OpenQA.Selenium.WebDriverException: invalid session id: session deleted as the browser has closed the connection
from disconnected: unable to send message to renderer
  (Session info: chrome=140.0.7339.82)
   at OpenQA.Selenium.WebDriver.UnpackAndThrowOnError(Response errorResponse, String commandToExecute)
   at OpenQA.Selenium.WebDriver.ExecuteAsync(String driverCommandToExecute, Dictionary`2 parameters)
   at OpenQA.Selenium.WebDriver.Execute(String driverCommandToExecute, Dictionary`2 parameters)
   at OpenQA.Selenium.WebDriver.FindElements(String mechanism, String value)
   at OpenQA.Selenium.By.<.ctor>b__6_1(ISearchContext context)
   at OpenQA.Selenium.By.FindElements(ISearchContext context)
   at OpenQA.Selenium.WebDriver.FindElements(By by)
   at OrangeHRM.API.Helpers.WebAutomationHelper.TrySelectFromAutocompleteInternal(IWebDriver driver, By inputLocator, String searchText) in L:\TestWork\OrangeHRM.API\Helpers\WebAutomationHelper.cs:line 206
   at OrangeHRM.API.Helpers.WebAutomationHelper.TrySelectFromAutocomplete(IWebDriver driver, By inputLocator, String searchText) in L:\TestWork\OrangeHRM.API\Helpers\WebAutomationHelper.cs:line 139
   at OrangeHRM.API.Services.ClaimService.SelectEmployeeFromAutocomplete(IWebDriver driver, String employeeName) in L:\TestWork\OrangeHRM.API\Services\ClaimService.cs:line 168
2025-11-16 15:10:32.063 +04:00 [WRN] Не удалось создать претензию. Ошибка: Сотрудник 'Иван Петрович Сидоров' не найден в системе OrangeHRM
2025-11-16 15:10:32.064 +04:00 [INF] HTTP POST /api/orangehrm/claim responded 200 in 82067.2936 ms
2025-11-16 15:15:22.409 +04:00 [INF] База данных инициализирована
2025-11-16 15:15:22.471 +04:00 [INF] OrangeHRM API запущен
2025-11-16 15:15:31.627 +04:00 [WRN] Failed to determine the https port for redirect.
2025-11-16 15:15:31.693 +04:00 [INF] Получен запрос на создание претензии для сотрудника: GKZ224N
2025-11-16 15:15:31.698 +04:00 [INF] Начало создания претензии для сотрудника: GKZ224N
2025-11-16 15:15:31.699 +04:00 [INF] Создание ChromeDriver. Headless: false
2025-11-16 15:15:32.295 +04:00 [INF] ChromeDriver успешно создан
2025-11-16 15:15:32.296 +04:00 [INF] Начало авторизации на https://opensource-demo.orangehrmlive.com
2025-11-16 15:15:34.225 +04:00 [DBG] Переход на страницу авторизации выполнен
2025-11-16 15:15:34.574 +04:00 [DBG] Поле Username заполнено
2025-11-16 15:15:34.630 +04:00 [DBG] Поле Password заполнено
2025-11-16 15:15:34.677 +04:00 [DBG] Кнопка Login нажата
2025-11-16 15:15:36.692 +04:00 [INF] Авторизация успешно выполнена
2025-11-16 15:15:36.693 +04:00 [DBG] Навигация: Claim -> Assign Claim
2025-11-16 15:15:40.224 +04:00 [DBG] Страница Assign Claim загружена
2025-11-16 15:15:40.407 +04:00 [DBG] Сотрудник найден в БД: GKZ224N
2025-11-16 15:15:40.407 +04:00 [INF] Получено ФИО из БД для employeeId GKZ224N: Иван Петрович Сидоров
2025-11-16 15:15:40.407 +04:00 [DBG] Выбор сотрудника из автокомплита: Иван Петрович Сидоров
2025-11-16 15:15:54.027 +04:00 [DBG] Сотрудник 'Иван Петрович Сидоров' успешно выбран из автокомплита
2025-11-16 15:15:54.028 +04:00 [DBG] Валидация поля Event: Accommodation
2025-11-16 15:15:54.617 +04:00 [DBG] Валидация поля Currency: United States Dollar
2025-11-16 15:15:55.894 +04:00 [DBG] Заполнение деталей претензии
2025-11-16 15:16:18.409 +04:00 [DBG] Remarks заполнено
2025-11-16 15:16:18.409 +04:00 [DBG] Детали претензии заполнены
2025-11-16 15:16:18.452 +04:00 [DBG] Кнопка Create нажата
2025-11-16 15:16:20.455 +04:00 [DBG] Парсинг Reference ID со страницы
2025-11-16 15:16:30.515 +04:00 [ERR] Ошибка при парсинге Reference ID
OpenQA.Selenium.WebDriverTimeoutException: Timed out after 10 seconds
 ---> OpenQA.Selenium.NoSuchElementException: no such element: Unable to locate element: {"method":"xpath","selector":"//label[text()='Reference Id']/following-sibling::*"}
  (Session info: chrome=140.0.7339.82); For documentation on this error, please visit: https://www.selenium.dev/documentation/webdriver/troubleshooting/errors#nosuchelementexception
   at OpenQA.Selenium.WebDriver.UnpackAndThrowOnError(Response errorResponse, String commandToExecute)
   at OpenQA.Selenium.WebDriver.ExecuteAsync(String driverCommandToExecute, Dictionary`2 parameters)
   at OpenQA.Selenium.WebDriver.Execute(String driverCommandToExecute, Dictionary`2 parameters)
   at OpenQA.Selenium.WebDriver.FindElement(String mechanism, String value)
   at OpenQA.Selenium.By.<.ctor>b__6_0(ISearchContext context)
   at OpenQA.Selenium.By.FindElement(ISearchContext context)
   at OpenQA.Selenium.WebDriver.FindElement(By by)
   at OrangeHRM.API.Helpers.WebAutomationHelper.<>c__DisplayClass0_0.<WaitForElement>b__0(IWebDriver d) in L:\TestWork\OrangeHRM.API\Helpers\WebAutomationHelper.cs:line 19
   at OpenQA.Selenium.Support.UI.DefaultWait`1.Until[TResult](Func`2 condition, CancellationToken token)
   --- End of inner exception stack trace ---
   at OpenQA.Selenium.Support.UI.DefaultWait`1.ThrowTimeoutException(String exceptionMessage, Exception lastException)
   at OpenQA.Selenium.Support.UI.DefaultWait`1.Until[TResult](Func`2 condition, CancellationToken token)
   at OpenQA.Selenium.Support.UI.DefaultWait`1.Until[TResult](Func`2 condition)
   at OrangeHRM.API.Helpers.WebAutomationHelper.WaitForElement(IWebDriver driver, By locator, Int32 timeoutSeconds) in L:\TestWork\OrangeHRM.API\Helpers\WebAutomationHelper.cs:line 17
   at OrangeHRM.API.Services.ClaimService.ParseReferenceId(IWebDriver driver) in L:\TestWork\OrangeHRM.API\Services\ClaimService.cs:line 284
2025-11-16 15:16:30.603 +04:00 [WRN] Не удалось создать претензию. Ошибка: Не удалось получить Reference ID после создания претензии
2025-11-16 15:16:30.615 +04:00 [INF] HTTP POST /api/orangehrm/claim responded 200 in 58990.3887 ms
2025-11-16 15:17:13.007 +04:00 [INF] База данных инициализирована
2025-11-16 15:17:13.076 +04:00 [INF] OrangeHRM API запущен
2025-11-16 15:17:21.343 +04:00 [WRN] Failed to determine the https port for redirect.
2025-11-16 15:17:21.404 +04:00 [INF] Получен запрос на создание претензии для сотрудника: GKZ224N
2025-11-16 15:17:21.409 +04:00 [INF] Начало создания претензии для сотрудника: GKZ224N
2025-11-16 15:17:21.410 +04:00 [INF] Создание ChromeDriver. Headless: false
2025-11-16 15:17:22.060 +04:00 [INF] ChromeDriver успешно создан
2025-11-16 15:17:22.062 +04:00 [INF] Начало авторизации на https://opensource-demo.orangehrmlive.com
2025-11-16 15:17:24.257 +04:00 [DBG] Переход на страницу авторизации выполнен
2025-11-16 15:17:24.606 +04:00 [DBG] Поле Username заполнено
2025-11-16 15:17:24.663 +04:00 [DBG] Поле Password заполнено
2025-11-16 15:17:24.709 +04:00 [DBG] Кнопка Login нажата
2025-11-16 15:17:26.733 +04:00 [INF] Авторизация успешно выполнена
2025-11-16 15:17:26.733 +04:00 [DBG] Навигация: Claim -> Assign Claim
2025-11-16 15:17:30.345 +04:00 [DBG] Страница Assign Claim загружена
2025-11-16 15:17:30.527 +04:00 [DBG] Сотрудник найден в БД: GKZ224N
2025-11-16 15:17:30.528 +04:00 [INF] Получено ФИО из БД для employeeId GKZ224N: Иван Петрович Сидоров
2025-11-16 15:17:30.528 +04:00 [DBG] Выбор сотрудника из автокомплита: Иван Петрович Сидоров
2025-11-16 15:17:44.157 +04:00 [DBG] Сотрудник 'Иван Петрович Сидоров' успешно выбран из автокомплита
2025-11-16 15:17:44.157 +04:00 [DBG] Валидация поля Event: Accommodation
2025-11-16 15:17:44.746 +04:00 [DBG] Валидация поля Currency: Russian Rouble
2025-11-16 15:17:46.008 +04:00 [DBG] Заполнение деталей претензии
2025-11-16 15:18:28.697 +04:00 [DBG] Remarks заполнено
2025-11-16 15:18:28.697 +04:00 [DBG] Детали претензии заполнены
2025-11-16 15:18:28.757 +04:00 [DBG] Кнопка Create нажата
2025-11-16 15:18:30.763 +04:00 [DBG] Парсинг Reference ID со страницы
2025-11-16 15:18:42.859 +04:00 [WRN] Не удалось найти Reference ID. Текущий URL: https://opensource-demo.orangehrmlive.com/web/index.php/claim/assignClaim/id/11
2025-11-16 15:18:42.953 +04:00 [WRN] Не удалось создать претензию. Ошибка: Не удалось получить Reference ID после создания претензии
2025-11-16 15:18:42.966 +04:00 [INF] HTTP POST /api/orangehrm/claim responded 200 in 81625.4659 ms
2025-11-16 15:20:24.995 +04:00 [INF] База данных инициализирована
2025-11-16 15:20:25.056 +04:00 [INF] OrangeHRM API запущен
2025-11-16 15:20:33.604 +04:00 [WRN] Failed to determine the https port for redirect.
2025-11-16 15:20:33.666 +04:00 [INF] Получен запрос на создание претензии для сотрудника: GKZ224N
2025-11-16 15:20:33.671 +04:00 [INF] Начало создания претензии для сотрудника: GKZ224N
2025-11-16 15:20:33.672 +04:00 [INF] Создание ChromeDriver. Headless: false
2025-11-16 15:20:34.280 +04:00 [INF] ChromeDriver успешно создан
2025-11-16 15:20:34.281 +04:00 [INF] Начало авторизации на https://opensource-demo.orangehrmlive.com
2025-11-16 15:20:36.382 +04:00 [DBG] Переход на страницу авторизации выполнен
2025-11-16 15:20:36.752 +04:00 [DBG] Поле Username заполнено
2025-11-16 15:20:36.803 +04:00 [DBG] Поле Password заполнено
2025-11-16 15:20:36.848 +04:00 [DBG] Кнопка Login нажата
2025-11-16 15:20:38.863 +04:00 [INF] Авторизация успешно выполнена
2025-11-16 15:20:38.864 +04:00 [DBG] Навигация: Claim -> Assign Claim
2025-11-16 15:20:42.387 +04:00 [DBG] Страница Assign Claim загружена
2025-11-16 15:20:42.568 +04:00 [DBG] Сотрудник найден в БД: GKZ224N
2025-11-16 15:20:42.568 +04:00 [INF] Получено ФИО из БД для employeeId GKZ224N: Иван Петрович Сидоров
2025-11-16 15:20:42.568 +04:00 [DBG] Выбор сотрудника из автокомплита: Иван Петрович Сидоров
2025-11-16 15:20:56.198 +04:00 [DBG] Сотрудник 'Иван Петрович Сидоров' успешно выбран из автокомплита
2025-11-16 15:20:56.198 +04:00 [DBG] Заполнение деталей претензии
2025-11-16 15:21:18.756 +04:00 [DBG] Remarks заполнено
2025-11-16 15:21:18.756 +04:00 [DBG] Детали претензии заполнены
2025-11-16 15:21:18.801 +04:00 [DBG] Кнопка Create нажата
2025-11-16 15:21:20.811 +04:00 [DBG] Парсинг Reference ID со страницы
2025-11-16 15:21:32.916 +04:00 [WRN] Не удалось найти Reference ID. Текущий URL: https://opensource-demo.orangehrmlive.com/web/index.php/claim/assignClaim/id/12
2025-11-16 15:21:33.015 +04:00 [WRN] Не удалось создать претензию. Ошибка: Не удалось получить Reference ID после создания претензии
2025-11-16 15:21:33.029 +04:00 [INF] HTTP POST /api/orangehrm/claim responded 200 in 59428.2531 ms
2025-11-16 15:22:15.168 +04:00 [INF] База данных инициализирована
2025-11-16 15:22:15.229 +04:00 [INF] OrangeHRM API запущен
2025-11-16 15:22:22.860 +04:00 [WRN] Failed to determine the https port for redirect.
2025-11-16 15:22:22.923 +04:00 [INF] Получен запрос на создание претензии для сотрудника: GKZ224N
2025-11-16 15:22:22.928 +04:00 [INF] Начало создания претензии для сотрудника: GKZ224N
2025-11-16 15:22:22.929 +04:00 [INF] Создание ChromeDriver. Headless: false
2025-11-16 15:22:24.254 +04:00 [INF] ChromeDriver успешно создан
2025-11-16 15:22:24.256 +04:00 [INF] Начало авторизации на https://opensource-demo.orangehrmlive.com
2025-11-16 15:22:26.274 +04:00 [DBG] Переход на страницу авторизации выполнен
2025-11-16 15:22:26.616 +04:00 [DBG] Поле Username заполнено
2025-11-16 15:22:26.667 +04:00 [DBG] Поле Password заполнено
2025-11-16 15:22:26.713 +04:00 [DBG] Кнопка Login нажата
2025-11-16 15:22:28.739 +04:00 [INF] Авторизация успешно выполнена
2025-11-16 15:22:28.739 +04:00 [DBG] Навигация: Claim -> Assign Claim
2025-11-16 15:22:32.481 +04:00 [DBG] Страница Assign Claim загружена
2025-11-16 15:22:32.668 +04:00 [DBG] Сотрудник найден в БД: GKZ224N
2025-11-16 15:22:32.668 +04:00 [INF] Получено ФИО из БД для employeeId GKZ224N: Иван Петрович Сидоров
2025-11-16 15:22:32.669 +04:00 [DBG] Выбор сотрудника из автокомплита: Иван Петрович Сидоров
2025-11-16 15:22:46.309 +04:00 [DBG] Сотрудник 'Иван Петрович Сидоров' успешно выбран из автокомплита
2025-11-16 15:22:46.309 +04:00 [DBG] Заполнение деталей претензии
2025-11-16 15:23:08.875 +04:00 [DBG] Remarks заполнено
2025-11-16 15:23:08.875 +04:00 [DBG] Детали претензии заполнены
2025-11-16 15:23:08.919 +04:00 [DBG] Кнопка Create нажата
2025-11-16 15:23:10.925 +04:00 [DBG] Парсинг Reference ID со страницы
2025-11-16 15:23:13.933 +04:00 [DBG] Текущий URL после создания претензии: https://opensource-demo.orangehrmlive.com/web/index.php/claim/assignClaim/id/13
2025-11-16 15:23:13.936 +04:00 [INF] Reference ID извлечен из URL: 13
2025-11-16 15:23:13.936 +04:00 [INF] Претензия успешно создана с Reference ID: 13
2025-11-16 15:23:14.018 +04:00 [INF] Претензия успешно создана. Reference ID: 13
2025-11-16 15:23:14.031 +04:00 [INF] HTTP POST /api/orangehrm/claim responded 200 in 51173.6587 ms
